93.81.106.140 - - [27/Jan/2015:13:53:59 -0500] "GET / HTTP/1.1" 200 1392 "-" "Mozilla/5.0 (Windows NT 6.3; WOW64; rv:35.0) Gecko/20100101 Firefox/35.0"
93.81.106.140 - - [27/Jan/2015:13:56:14 -0500] "GET / HTTP/1.1" 200 1392 "-" "Mozilla/5.0 (Windows NT 6.3; WOW64; rv:35.0) Gecko/20100101 Firefox/35.0"
93.81.106.140 - - [27/Jan/2015:13:56:18 -0500] "GET / HTTP/1.1" 200 1392 "-" "Mozilla/5.0 (Windows NT 6.3; WOW64; rv:35.0) Gecko/20100101 Firefox/35.0"
93.81.106.140 - - [27/Jan/2015:14:01:37 -0500] "GET / HTTP/1.1" 200 1392 "-" "Mozilla/5.0 (Windows NT 6.3; WOW64; rv:35.0) Gecko/20100101 Firefox/35.0"
93.81.106.140 - - [27/Jan/2015:14:01:46 -0500] "GET /?page=2 HTTP/1.1" 200 1448 "http://104.236.251.87/" "Mozilla/5.0 (Windows NT 6.3; WOW64; rv:35.0) Gecko/20100101 Firefox/35.0"
93.81.106.140 - - [27/Jan/2015:14:01:52 -0500] "GET /ask/ HTTP/1.1" 302 0 "http://104.236.251.87/?page=2" "Mozilla/5.0 (Windows NT 6.3; WOW64; rv:35.0) Gecko/20100101 Firefox/35.0"
93.81.106.140 - - [27/Jan/2015:14:01:52 -0500] "GET /login/?next=/ask/ HTTP/1.1" 200 1066 "http://104.236.251.87/?page=2" "Mozilla/5.0 (Windows NT 6.3; WOW64; rv:35.0) Gecko/20100101 Firefox/35.0"
93.81.106.140 - - [27/Jan/2015:14:01:54 -0500] "GET /ask/ HTTP/1.1" 302 0 "http://104.236.251.87/login/?next=/ask/" "Mozilla/5.0 (Windows NT 6.3; WOW64; rv:35.0) Gecko/20100101 Firefox/35.0"
93.81.106.140 - - [27/Jan/2015:14:01:55 -0500] "GET /login/?next=/ask/ HTTP/1.1" 200 1066 "http://104.236.251.87/login/?next=/ask/" "Mozilla/5.0 (Windows NT 6.3; WOW64; rv:35.0) Gecko/20100101 Firefox/35.0"
93.81.106.140 - - [27/Jan/2015:14:02:01 -0500] "GET / HTTP/1.1" 200 1392 "http://104.236.251.87/?page=2" "Mozilla/5.0 (Windows NT 6.3; WOW64; rv:35.0) Gecko/20100101 Firefox/35.0"
93.81.106.140 - - [27/Jan/2015:14:02:55 -0500] "GET /ask/ HTTP/1.1" 302 0 "http://104.236.251.87/" "Mozilla/5.0 (Windows NT 6.3; WOW64; rv:35.0) Gecko/20100101 Firefox/35.0"
93.81.106.140 - - [27/Jan/2015:14:02:55 -0500] "GET /login/?next=/ask/ HTTP/1.1" 200 1066 "http://104.236.251.87/" "Mozilla/5.0 (Windows NT 6.3; WOW64; rv:35.0) Gecko/20100101 Firefox/35.0"
93.81.106.140 - - [27/Jan/2015:14:02:57 -0500] "GET / HTTP/1.1" 200 1392 "http://104.236.251.87/login/?next=/ask/" "Mozilla/5.0 (Windows NT 6.3; WOW64; rv:35.0) Gecko/20100101 Firefox/35.0"
93.81.106.140 - - [27/Jan/2015:14:04:25 -0500] "GET / HTTP/1.1" 200 1392 "http://104.236.251.87/login/?next=/ask/" "Mozilla/5.0 (Windows NT 6.3; WOW64; rv:35.0) Gecko/20100101 Firefox/35.0"
93.81.106.140 - - [27/Jan/2015:14:05:07 -0500] "GET /?page=1001 HTTP/1.1" 200 1173 "http://104.236.251.87/" "Mozilla/5.0 (Windows NT 6.3; WOW64; rv:35.0) Gecko/20100101 Firefox/35.0"
93.81.106.140 - - [27/Jan/2015:14:05:09 -0500] "GET /?page=1 HTTP/1.1" 200 1392 "http://104.236.251.87/?page=1001" "Mozilla/5.0 (Windows NT 6.3; WOW64; rv:35.0) Gecko/20100101 Firefox/35.0"
93.81.106.140 - - [27/Jan/2015:14:06:04 -0500] "GET /question/?num=3 HTTP/1.1" 200 1431 "http://104.236.251.87/?page=1" "Mozilla/5.0 (Windows NT 6.3; WOW64; rv:35.0) Gecko/20100101 Firefox/35.0"
93.81.106.140 - - [27/Jan/2015:14:06:07 -0500] "GET /ask/ HTTP/1.1" 302 0 "http://104.236.251.87/question/?num=3" "Mozilla/5.0 (Windows NT 6.3; WOW64; rv:35.0) Gecko/20100101 Firefox/35.0"
93.81.106.140 - - [27/Jan/2015:14:06:07 -0500] "GET /login/?next=/ask/ HTTP/1.1" 200 1066 "http://104.236.251.87/question/?num=3" "Mozilla/5.0 (Windows NT 6.3; WOW64; rv:35.0) Gecko/20100101 Firefox/35.0"
93.81.106.140 - - [27/Jan/2015:14:06:09 -0500] "GET / HTTP/1.1" 200 1392 "http://104.236.251.87/login/?next=/ask/" "Mozilla/5.0 (Windows NT 6.3; WOW64; rv:35.0) Gecko/20100101 Firefox/35.0"
93.81.106.140 - - [27/Jan/2015:14:06:11 -0500] "GET /register/ HTTP/1.1" 200 1152 "http://104.236.251.87/" "Mozilla/5.0 (Windows NT 6.3; WOW64; rv:35.0) Gecko/20100101 Firefox/35.0"
93.81.106.140 - - [27/Jan/2015:14:06:22 -0500] "GET / HTTP/1.1" 200 1392 "http://104.236.251.87/register/" "Mozilla/5.0 (Windows NT 6.3; WOW64; rv:35.0) Gecko/20100101 Firefox/35.0"
93.81.106.140 - - [27/Jan/2015:14:06:57 -0500] "GET / HTTP/1.1" 200 1392 "http://104.236.251.87/" "Mozilla/5.0 (Windows NT 6.3; WOW64; rv:35.0) Gecko/20100101 Firefox/35.0"
213.141.158.86 - - [27/Jan/2015:14:07:59 -0500] "GET /index HTTP/1.1" 200 1394 "-" "Mozilla/5.0 (X11; Ubuntu; Linux x86_64; rv:35.0) Gecko/20100101 Firefox/35.0"
93.81.106.140 - - [27/Jan/2015:14:08:01 -0500] "GET / HTTP/1.1" 200 1394 "http://104.236.251.87/" "Mozilla/5.0 (Windows NT 6.3; WOW64; rv:35.0) Gecko/20100101 Firefox/35.0"
213.141.158.86 - - [27/Jan/2015:14:08:11 -0500] "GET /index HTTP/1.1" 200 1394 "-" "Mozilla/5.0 (X11; Ubuntu; Linux x86_64; rv:35.0) Gecko/20100101 Firefox/35.0"
93.81.106.140 - - [27/Jan/2015:14:09:16 -0500] "GET /ask/ HTTP/1.1" 302 0 "http://104.236.251.87/" "Mozilla/5.0 (Windows NT 6.3; WOW64; rv:35.0) Gecko/20100101 Firefox/35.0"
93.81.106.140 - - [27/Jan/2015:14:09:16 -0500] "GET /login/?next=/ask/ HTTP/1.1" 200 1068 "http://104.236.251.87/" "Mozilla/5.0 (Windows NT 6.3; WOW64; rv:35.0) Gecko/20100101 Firefox/35.0"
93.81.106.140 - - [27/Jan/2015:14:09:17 -0500] "GET / HTTP/1.1" 200 1394 "http://104.236.251.87/login/?next=/ask/" "Mozilla/5.0 (Windows NT 6.3; WOW64; rv:35.0) Gecko/20100101 Firefox/35.0"
213.141.158.86 - - [27/Jan/2015:14:09:28 -0500] "GET /ask/ HTTP/1.1" 302 0 "http://104.236.251.87/index" "Mozilla/5.0 (X11; Ubuntu; Linux x86_64; rv:35.0) Gecko/20100101 Firefox/35.0"
213.141.158.86 - - [27/Jan/2015:14:09:28 -0500] "GET /login/?next=/ask/ HTTP/1.1" 200 1066 "http://104.236.251.87/index" "Mozilla/5.0 (X11; Ubuntu; Linux x86_64; rv:35.0) Gecko/20100101 Firefox/35.0"
93.81.106.140 - - [27/Jan/2015:14:09:32 -0500] "GET /ask/ HTTP/1.1" 302 0 "http://104.236.251.87/" "Mozilla/5.0 (Windows NT 6.3; WOW64; rv:35.0) Gecko/20100101 Firefox/35.0"
93.81.106.140 - - [27/Jan/2015:14:09:33 -0500] "GET /login/?next=/ask/ HTTP/1.1" 200 1068 "http://104.236.251.87/" "Mozilla/5.0 (Windows NT 6.3; WOW64; rv:35.0) Gecko/20100101 Firefox/35.0"
93.81.106.140 - - [27/Jan/2015:14:09:34 -0500] "GET / HTTP/1.1" 200 1394 "http://104.236.251.87/login/?next=/ask/" "Mozilla/5.0 (Windows NT 6.3; WOW64; rv:35.0) Gecko/20100101 Firefox/35.0"
213.141.158.86 - - [27/Jan/2015:14:09:40 -0500] "POST /log_in/?next=/ask/ HTTP/1.1" 302 0 "http://104.236.251.87/login/?next=/ask/" "Mozilla/5.0 (X11; Ubuntu; Linux x86_64; rv:35.0) Gecko/20100101 Firefox/35.0"
213.141.158.86 - - [27/Jan/2015:14:09:41 -0500] "GET /ask/ HTTP/1.1" 200 1197 "http://104.236.251.87/login/?next=/ask/" "Mozilla/5.0 (X11; Ubuntu; Linux x86_64; rv:35.0) Gecko/20100101 Firefox/35.0"
213.141.158.86 - - [27/Jan/2015:14:09:55 -0500] "POST /ask/ HTTP/1.1" 200 1440 "http://104.236.251.87/ask/" "Mozilla/5.0 (X11; Ubuntu; Linux x86_64; rv:35.0) Gecko/20100101 Firefox/35.0"
93.81.106.140 - - [27/Jan/2015:14:10:25 -0500] "GET / HTTP/1.1" 200 1394 "-" "Mozilla/5.0 (Windows NT 6.3; WOW64; rv:35.0) Gecko/20100101 Firefox/35.0"
213.141.158.86 - - [27/Jan/2015:14:10:31 -0500] "GET / HTTP/1.1" 200 1483 "-" "Mozilla/5.0 (X11; Ubuntu; Linux x86_64; rv:35.0) Gecko/20100101 Firefox/35.0"
93.81.106.140 - - [27/Jan/2015:14:10:34 -0500] "GET / HTTP/1.1" 200 1394 "-" "Mozilla/5.0 (Windows NT 6.3; WOW64; rv:35.0) Gecko/20100101 Firefox/35.0"
213.141.158.86 - - [27/Jan/2015:14:10:45 -0500] "GET / HTTP/1.1" 200 1483 "http://104.236.251.87/" "Mozilla/5.0 (X11; Ubuntu; Linux x86_64; rv:35.0) Gecko/20100101 Firefox/35.0"
213.141.158.86 - - [27/Jan/2015:14:10:47 -0500] "GET /question/?num=2 HTTP/1.1" 200 1702 "http://104.236.251.87/" "Mozilla/5.0 (X11; Ubuntu; Linux x86_64; rv:35.0) Gecko/20100101 Firefox/35.0"
213.141.158.86 - - [27/Jan/2015:14:11:07 -0500] "GET /likeIt/?positive=True&tset=6&num=2 HTTP/1.1" 302 0 "http://104.236.251.87/question/?num=2" "Mozilla/5.0 (X11; Ubuntu; Linux x86_64; rv:35.0) Gecko/20100101 Firefox/35.0"
213.141.158.86 - - [27/Jan/2015:14:11:07 -0500] "GET /question/?num=2 HTTP/1.1" 200 1702 "http://104.236.251.87/question/?num=2" "Mozilla/5.0 (X11; Ubuntu; Linux x86_64; rv:35.0) Gecko/20100101 Firefox/35.0"
213.141.158.86 - - [27/Jan/2015:14:11:09 -0500] "GET /likeIt/?positive=True&tset=6&num=2 HTTP/1.1" 302 0 "http://104.236.251.87/question/?num=2" "Mozilla/5.0 (X11; Ubuntu; Linux x86_64; rv:35.0) Gecko/20100101 Firefox/35.0"
213.141.158.86 - - [27/Jan/2015:14:11:09 -0500] "GET /question/?num=2 HTTP/1.1" 200 1702 "http://104.236.251.87/question/?num=2" "Mozilla/5.0 (X11; Ubuntu; Linux x86_64; rv:35.0) Gecko/20100101 Firefox/35.0"
213.141.158.86 - - [27/Jan/2015:14:11:10 -0500] "GET /likeIt/?positive=False&tset=6&num=2 HTTP/1.1" 302 0 "http://104.236.251.87/question/?num=2" "Mozilla/5.0 (X11; Ubuntu; Linux x86_64; rv:35.0) Gecko/20100101 Firefox/35.0"
213.141.158.86 - - [27/Jan/2015:14:11:11 -0500] "GET /question/?num=2 HTTP/1.1" 200 1702 "http://104.236.251.87/question/?num=2" "Mozilla/5.0 (X11; Ubuntu; Linux x86_64; rv:35.0) Gecko/20100101 Firefox/35.0"
93.81.106.140 - - [27/Jan/2015:14:11:12 -0500] "GET / HTTP/1.1" 200 1398 "-" "Mozilla/5.0 (Windows NT 6.3; WOW64; rv:35.0) Gecko/20100101 Firefox/35.0"
213.141.158.86 - - [27/Jan/2015:14:11:16 -0500] "GET /likeIt/?positive=True&tset=6&num=2 HTTP/1.1" 302 0 "http://104.236.251.87/question/?num=2" "Mozilla/5.0 (X11; Ubuntu; Linux x86_64; rv:35.0) Gecko/20100101 Firefox/35.0"
213.141.158.86 - - [27/Jan/2015:14:11:16 -0500] "GET /question/?num=2 HTTP/1.1" 200 1702 "http://104.236.251.87/question/?num=2" "Mozilla/5.0 (X11; Ubuntu; Linux x86_64; rv:35.0) Gecko/20100101 Firefox/35.0"
213.141.158.86 - - [27/Jan/2015:14:11:18 -0500] "GET / HTTP/1.1" 200 1483 "http://104.236.251.87/question/?num=2" "Mozilla/5.0 (X11; Ubuntu; Linux x86_64; rv:35.0) Gecko/20100101 Firefox/35.0"
213.141.158.86 - - [27/Jan/2015:14:11:21 -0500] "GET /?page=1001 HTTP/1.1" 200 1325 "http://104.236.251.87/" "Mozilla/5.0 (X11; Ubuntu; Linux x86_64; rv:35.0) Gecko/20100101 Firefox/35.0"
213.141.158.86 - - [27/Jan/2015:14:11:24 -0500] "GET /likeIt/?positive=True&tset=3008&num=3002 HTTP/1.1" 302 0 "http://104.236.251.87/?page=1001" "Mozilla/5.0 (X11; Ubuntu; Linux x86_64; rv:35.0) Gecko/20100101 Firefox/35.0"
213.141.158.86 - - [27/Jan/2015:14:11:24 -0500] "GET /question/?num=3002 HTTP/1.1" 200 1439 "http://104.236.251.87/?page=1001" "Mozilla/5.0 (X11; Ubuntu; Linux x86_64; rv:35.0) Gecko/20100101 Firefox/35.0"
93.81.106.140 - - [27/Jan/2015:14:15:05 -0500] "GET / HTTP/1.1" 200 1394 "-" "Mozilla/5.0 (Windows NT 6.3; WOW64; rv:35.0) Gecko/20100101 Firefox/35.0"
93.81.106.140 - - [27/Jan/2015:14:15:07 -0500] "GET / HTTP/1.1" 200 1394 "-" "Mozilla/5.0 (Windows NT 6.3; WOW64; rv:35.0) Gecko/20100101 Firefox/35.0"
93.81.106.140 - - [27/Jan/2015:14:15:13 -0500] "GET /likeIt/?positive=True&tset=1&num=1 HTTP/1.1" 302 0 "http://104.236.251.87/" "Mozilla/5.0 (Windows NT 6.3; WOW64; rv:35.0) Gecko/20100101 Firefox/35.0"
93.81.106.140 - - [27/Jan/2015:14:15:14 -0500] "GET /login/?next=/likeIt/%3Fpositive%3DTrue%26tset%3D1%26num%3D1 HTTP/1.1" 200 1098 "http://104.236.251.87/" "Mozilla/5.0 (Windows NT 6.3; WOW64; rv:35.0) Gecko/20100101 Firefox/35.0"
93.81.106.140 - - [27/Jan/2015:14:15:16 -0500] "GET /likeIt/?positive=True&tset=1&num=1 HTTP/1.1" 302 0 "http://104.236.251.87/" "Mozilla/5.0 (Windows NT 6.3; WOW64; rv:35.0) Gecko/20100101 Firefox/35.0"
93.81.106.140 - - [27/Jan/2015:14:15:17 -0500] "GET /login/?next=/likeIt/%3Fpositive%3DTrue%26tset%3D1%26num%3D1 HTTP/1.1" 200 1098 "http://104.236.251.87/" "Mozilla/5.0 (Windows NT 6.3; WOW64; rv:35.0) Gecko/20100101 Firefox/35.0"
93.81.106.140 - - [27/Jan/2015:14:15:20 -0500] "GET /question/?num=2 HTTP/1.1" 200 1571 "http://104.236.251.87/" "Mozilla/5.0 (Windows NT 6.3; WOW64; rv:35.0) Gecko/20100101 Firefox/35.0"
93.81.106.140 - - [27/Jan/2015:14:15:25 -0500] "GET /index?page=1 HTTP/1.1" 200 1394 "http://104.236.251.87/question/?num=2" "Mozilla/5.0 (Windows NT 6.3; WOW64; rv:35.0) Gecko/20100101 Firefox/35.0"
213.141.158.86 - - [27/Jan/2015:14:15:28 -0500] "POST /answer/?num=3002 HTTP/1.1" 500 123191 "http://104.236.251.87/question/?num=3002" "Mozilla/5.0 (X11; Ubuntu; Linux x86_64; rv:35.0) Gecko/20100101 Firefox/35.0"
93.81.106.140 - - [27/Jan/2015:14:15:29 -0500] "GET /question/?num=2 HTTP/1.1" 200 1571 "http://104.236.251.87/index?page=1" "Mozilla/5.0 (Windows NT 6.3; WOW64; rv:35.0) Gecko/20100101 Firefox/35.0"
93.81.106.140 - - [27/Jan/2015:14:15:34 -0500] "GET /login/ HTTP/1.1" 200 1051 "http://104.236.251.87/question/?num=2" "Mozilla/5.0 (Windows NT 6.3; WOW64; rv:35.0) Gecko/20100101 Firefox/35.0"
213.141.158.86 - - [27/Jan/2015:14:15:35 -0500] "POST /answer/?num=3002 HTTP/1.1" 200 1605 "http://104.236.251.87/question/?num=3002" "Mozilla/5.0 (X11; Ubuntu; Linux x86_64; rv:35.0) Gecko/20100101 Firefox/35.0"
93.81.106.140 - - [27/Jan/2015:14:15:35 -0500] "GET /register/ HTTP/1.1" 200 1154 "http://104.236.251.87/login/" "Mozilla/5.0 (Windows NT 6.3; WOW64; rv:35.0) Gecko/20100101 Firefox/35.0"
93.81.106.140 - - [27/Jan/2015:14:16:23 -0500] "POST /reg_user/ HTTP/1.1" 302 0 "http://104.236.251.87/register/" "Mozilla/5.0 (Windows NT 6.3; WOW64; rv:35.0) Gecko/20100101 Firefox/35.0"
93.81.106.140 - - [27/Jan/2015:14:16:23 -0500] "GET / HTTP/1.1" 200 1485 "http://104.236.251.87/register/" "Mozilla/5.0 (Windows NT 6.3; WOW64; rv:35.0) Gecko/20100101 Firefox/35.0"
93.81.106.140 - - [27/Jan/2015:14:16:29 -0500] "GET /profile/ HTTP/1.1" 200 1267 "http://104.236.251.87/" "Mozilla/5.0 (Windows NT 6.3; WOW64; rv:35.0) Gecko/20100101 Firefox/35.0"
93.81.106.140 - - [27/Jan/2015:14:16:43 -0500] "GET /ask/ HTTP/1.1" 200 1195 "http://104.236.251.87/profile/" "Mozilla/5.0 (Windows NT 6.3; WOW64; rv:35.0) Gecko/20100101 Firefox/35.0"
93.81.106.140 - - [27/Jan/2015:14:16:45 -0500] "GET / HTTP/1.1" 200 1485 "http://104.236.251.87/ask/" "Mozilla/5.0 (Windows NT 6.3; WOW64; rv:35.0) Gecko/20100101 Firefox/35.0"
93.81.106.140 - - [27/Jan/2015:14:16:48 -0500] "GET /likeIt/?positive=True&tset=1&num=1 HTTP/1.1" 302 0 "http://104.236.251.87/" "Mozilla/5.0 (Windows NT 6.3; WOW64; rv:35.0) Gecko/20100101 Firefox/35.0"
93.81.106.140 - - [27/Jan/2015:14:16:48 -0500] "GET /question/?num=1 HTTP/1.1" 200 1622 "http://104.236.251.87/" "Mozilla/5.0 (Windows NT 6.3; WOW64; rv:35.0) Gecko/20100101 Firefox/35.0"
93.81.106.140 - - [27/Jan/2015:14:16:51 -0500] "GET /likeIt/?positive=True&tset=1&num=1 HTTP/1.1" 302 0 "http://104.236.251.87/question/?num=1" "Mozilla/5.0 (Windows NT 6.3; WOW64; rv:35.0) Gecko/20100101 Firefox/35.0"
93.81.106.140 - - [27/Jan/2015:14:16:51 -0500] "GET /question/?num=1 HTTP/1.1" 200 1622 "http://104.236.251.87/question/?num=1" "Mozilla/5.0 (Windows NT 6.3; WOW64; rv:35.0) Gecko/20100101 Firefox/35.0"
93.81.106.140 - - [27/Jan/2015:14:16:52 -0500] "GET /likeIt/?positive=True&tset=1&num=1 HTTP/1.1" 302 0 "http://104.236.251.87/question/?num=1" "Mozilla/5.0 (Windows NT 6.3; WOW64; rv:35.0) Gecko/20100101 Firefox/35.0"
93.81.106.140 - - [27/Jan/2015:14:16:52 -0500] "GET /question/?num=1 HTTP/1.1" 200 1622 "http://104.236.251.87/question/?num=1" "Mozilla/5.0 (Windows NT 6.3; WOW64; rv:35.0) Gecko/20100101 Firefox/35.0"
93.81.106.140 - - [27/Jan/2015:14:16:54 -0500] "GET /likeIt/?positive=False&tset=1&num=1 HTTP/1.1" 302 0 "http://104.236.251.87/question/?num=1" "Mozilla/5.0 (Windows NT 6.3; WOW64; rv:35.0) Gecko/20100101 Firefox/35.0"
93.81.106.140 - - [27/Jan/2015:14:16:54 -0500] "GET /question/?num=1 HTTP/1.1" 200 1621 "http://104.236.251.87/question/?num=1" "Mozilla/5.0 (Windows NT 6.3; WOW64; rv:35.0) Gecko/20100101 Firefox/35.0"
93.81.106.140 - - [27/Jan/2015:14:16:55 -0500] "GET /likeIt/?positive=False&tset=1&num=1 HTTP/1.1" 302 0 "http://104.236.251.87/question/?num=1" "Mozilla/5.0 (Windows NT 6.3; WOW64; rv:35.0) Gecko/20100101 Firefox/35.0"
93.81.106.140 - - [27/Jan/2015:14:16:55 -0500] "GET /question/?num=1 HTTP/1.1" 200 1622 "http://104.236.251.87/question/?num=1" "Mozilla/5.0 (Windows NT 6.3; WOW64; rv:35.0) Gecko/20100101 Firefox/35.0"
93.81.106.140 - - [27/Jan/2015:14:16:56 -0500] "GET /likeIt/?positive=False&tset=1&num=1 HTTP/1.1" 302 0 "http://104.236.251.87/question/?num=1" "Mozilla/5.0 (Windows NT 6.3; WOW64; rv:35.0) Gecko/20100101 Firefox/35.0"
93.81.106.140 - - [27/Jan/2015:14:16:56 -0500] "GET /question/?num=1 HTTP/1.1" 200 1621 "http://104.236.251.87/question/?num=1" "Mozilla/5.0 (Windows NT 6.3; WOW64; rv:35.0) Gecko/20100101 Firefox/35.0"
93.81.106.140 - - [27/Jan/2015:14:16:57 -0500] "GET /likeIt/?positive=False&tset=1&num=1 HTTP/1.1" 302 0 "http://104.236.251.87/question/?num=1" "Mozilla/5.0 (Windows NT 6.3; WOW64; rv:35.0) Gecko/20100101 Firefox/35.0"
93.81.106.140 - - [27/Jan/2015:14:16:57 -0500] "GET /question/?num=1 HTTP/1.1" 200 1622 "http://104.236.251.87/question/?num=1" "Mozilla/5.0 (Windows NT 6.3; WOW64; rv:35.0) Gecko/20100101 Firefox/35.0"
93.81.106.140 - - [27/Jan/2015:14:16:58 -0500] "GET /likeIt/?positive=True&tset=1&num=1 HTTP/1.1" 302 0 "http://104.236.251.87/question/?num=1" "Mozilla/5.0 (Windows NT 6.3; WOW64; rv:35.0) Gecko/20100101 Firefox/35.0"
93.81.106.140 - - [27/Jan/2015:14:16:58 -0500] "GET /question/?num=1 HTTP/1.1" 200 1622 "http://104.236.251.87/question/?num=1" "Mozilla/5.0 (Windows NT 6.3; WOW64; rv:35.0) Gecko/20100101 Firefox/35.0"
93.81.106.140 - - [27/Jan/2015:14:17:42 -0500] "POST /answer/?num=1 HTTP/1.1" 200 1687 "http://104.236.251.87/question/?num=1" "Mozilla/5.0 (Windows NT 6.3; WOW64; rv:35.0) Gecko/20100101 Firefox/35.0"
93.81.106.140 - - [27/Jan/2015:14:17:45 -0500] "GET /likeIt/?positive=True&tset=3011&num=1 HTTP/1.1" 302 0 "http://104.236.251.87/answer/?num=1" "Mozilla/5.0 (Windows NT 6.3; WOW64; rv:35.0) Gecko/20100101 Firefox/35.0"
93.81.106.140 - - [27/Jan/2015:14:17:45 -0500] "GET /question/?num=1 HTTP/1.1" 200 1691 "http://104.236.251.87/answer/?num=1" "Mozilla/5.0 (Windows NT 6.3; WOW64; rv:35.0) Gecko/20100101 Firefox/35.0"
93.81.106.140 - - [27/Jan/2015:14:17:46 -0500] "GET /likeIt/?positive=False&tset=3011&num=1 HTTP/1.1" 302 0 "http://104.236.251.87/question/?num=1" "Mozilla/5.0 (Windows NT 6.3; WOW64; rv:35.0) Gecko/20100101 Firefox/35.0"
93.81.106.140 - - [27/Jan/2015:14:17:46 -0500] "GET /question/?num=1 HTTP/1.1" 200 1692 "http://104.236.251.87/question/?num=1" "Mozilla/5.0 (Windows NT 6.3; WOW64; rv:35.0) Gecko/20100101 Firefox/35.0"
93.81.106.140 - - [27/Jan/2015:14:18:05 -0500] "GET /likeIt/?positive=True&tset=3011&num=1 HTTP/1.1" 302 0 "http://104.236.251.87/question/?num=1" "Mozilla/5.0 (Windows NT 6.3; WOW64; rv:35.0) Gecko/20100101 Firefox/35.0"
93.81.106.140 - - [27/Jan/2015:14:18:05 -0500] "GET /question/?num=1 HTTP/1.1" 200 1691 "http://104.236.251.87/question/?num=1" "Mozilla/5.0 (Windows NT 6.3; WOW64; rv:35.0) Gecko/20100101 Firefox/35.0"
93.81.106.140 - - [27/Jan/2015:14:18:06 -0500] "GET /likeIt/?positive=True&tset=3011&num=1 HTTP/1.1" 302 0 "http://104.236.251.87/question/?num=1" "Mozilla/5.0 (Windows NT 6.3; WOW64; rv:35.0) Gecko/20100101 Firefox/35.0"
93.81.106.140 - - [27/Jan/2015:14:18:07 -0500] "GET /question/?num=1 HTTP/1.1" 200 1687 "http://104.236.251.87/question/?num=1" "Mozilla/5.0 (Windows NT 6.3; WOW64; rv:35.0) Gecko/20100101 Firefox/35.0"
93.81.106.140 - - [27/Jan/2015:14:18:09 -0500] "GET /likeIt/?positive=True&tset=3011&num=1 HTTP/1.1" 302 0 "http://104.236.251.87/question/?num=1" "Mozilla/5.0 (Windows NT 6.3; WOW64; rv:35.0) Gecko/20100101 Firefox/35.0"
93.81.106.140 - - [27/Jan/2015:14:18:09 -0500] "GET /question/?num=1 HTTP/1.1" 200 1691 "http://104.236.251.87/question/?num=1" "Mozilla/5.0 (Windows NT 6.3; WOW64; rv:35.0) Gecko/20100101 Firefox/35.0"
93.81.106.140 - - [27/Jan/2015:14:18:10 -0500] "GET /likeIt/?positive=True&tset=3011&num=1 HTTP/1.1" 302 0 "http://104.236.251.87/question/?num=1" "Mozilla/5.0 (Windows NT 6.3; WOW64; rv:35.0) Gecko/20100101 Firefox/35.0"
93.81.106.140 - - [27/Jan/2015:14:18:10 -0500] "GET /question/?num=1 HTTP/1.1" 200 1687 "http://104.236.251.87/question/?num=1" "Mozilla/5.0 (Windows NT 6.3; WOW64; rv:35.0) Gecko/20100101 Firefox/35.0"
93.81.106.140 - - [27/Jan/2015:14:18:11 -0500] "GET /likeIt/?positive=True&tset=3011&num=1 HTTP/1.1" 302 0 "http://104.236.251.87/question/?num=1" "Mozilla/5.0 (Windows NT 6.3; WOW64; rv:35.0) Gecko/20100101 Firefox/35.0"
93.81.106.140 - - [27/Jan/2015:14:18:11 -0500] "GET /question/?num=1 HTTP/1.1" 200 1691 "http://104.236.251.87/question/?num=1" "Mozilla/5.0 (Windows NT 6.3; WOW64; rv:35.0) Gecko/20100101 Firefox/35.0"
93.81.106.140 - - [27/Jan/2015:14:18:14 -0500] "GET /ask/ HTTP/1.1" 200 1195 "http://104.236.251.87/question/?num=1" "Mozilla/5.0 (Windows NT 6.3; WOW64; rv:35.0) Gecko/20100101 Firefox/35.0"
93.81.106.140 - - [27/Jan/2015:14:18:16 -0500] "GET / HTTP/1.1" 200 1489 "http://104.236.251.87/ask/" "Mozilla/5.0 (Windows NT 6.3; WOW64; rv:35.0) Gecko/20100101 Firefox/35.0"
93.81.106.140 - - [27/Jan/2015:14:18:17 -0500] "GET /ask/ HTTP/1.1" 200 1195 "http://104.236.251.87/" "Mozilla/5.0 (Windows NT 6.3; WOW64; rv:35.0) Gecko/20100101 Firefox/35.0"
93.81.106.140 - - [27/Jan/2015:14:18:43 -0500] "POST /ask/ HTTP/1.1" 500 66704 "http://104.236.251.87/ask/" "Mozilla/5.0 (Windows NT 6.3; WOW64; rv:35.0) Gecko/20100101 Firefox/35.0"
93.81.106.140 - - [27/Jan/2015:14:19:04 -0500] "POST /ask/ HTTP/1.1" 200 1438 "http://104.236.251.87/ask/" "Mozilla/5.0 (Windows NT 6.3; WOW64; rv:35.0) Gecko/20100101 Firefox/35.0"
93.81.106.140 - - [27/Jan/2015:14:19:12 -0500] "GET /likeIt/?positive=True&tset=3012&num=3003 HTTP/1.1" 302 0 "http://104.236.251.87/ask/" "Mozilla/5.0 (Windows NT 6.3; WOW64; rv:35.0) Gecko/20100101 Firefox/35.0"
93.81.106.140 - - [27/Jan/2015:14:19:13 -0500] "GET /question/?num=3003 HTTP/1.1" 200 1439 "http://104.236.251.87/ask/" "Mozilla/5.0 (Windows NT 6.3; WOW64; rv:35.0) Gecko/20100101 Firefox/35.0"
93.81.106.140 - - [27/Jan/2015:14:19:14 -0500] "GET /likeIt/?positive=False&tset=3012&num=3003 HTTP/1.1" 302 0 "http://104.236.251.87/question/?num=3003" "Mozilla/5.0 (Windows NT 6.3; WOW64; rv:35.0) Gecko/20100101 Firefox/35.0"
93.81.106.140 - - [27/Jan/2015:14:19:14 -0500] "GET /question/?num=3003 HTTP/1.1" 200 1439 "http://104.236.251.87/question/?num=3003" "Mozilla/5.0 (Windows NT 6.3; WOW64; rv:35.0) Gecko/20100101 Firefox/35.0"
93.81.106.140 - - [27/Jan/2015:14:19:16 -0500] "GET /likeIt/?positive=False&tset=3012&num=3003 HTTP/1.1" 302 0 "http://104.236.251.87/question/?num=3003" "Mozilla/5.0 (Windows NT 6.3; WOW64; rv:35.0) Gecko/20100101 Firefox/35.0"
93.81.106.140 - - [27/Jan/2015:14:19:16 -0500] "GET /question/?num=3003 HTTP/1.1" 200 1438 "http://104.236.251.87/question/?num=3003" "Mozilla/5.0 (Windows NT 6.3; WOW64; rv:35.0) Gecko/20100101 Firefox/35.0"
93.81.106.140 - - [27/Jan/2015:14:19:18 -0500] "GET /likeIt/?positive=False&tset=3012&num=3003 HTTP/1.1" 302 0 "http://104.236.251.87/question/?num=3003" "Mozilla/5.0 (Windows NT 6.3; WOW64; rv:35.0) Gecko/20100101 Firefox/35.0"
93.81.106.140 - - [27/Jan/2015:14:19:18 -0500] "GET /question/?num=3003 HTTP/1.1" 200 1439 "http://104.236.251.87/question/?num=3003" "Mozilla/5.0 (Windows NT 6.3; WOW64; rv:35.0) Gecko/20100101 Firefox/35.0"
93.81.106.140 - - [27/Jan/2015:14:19:22 -0500] "GET /likeIt/?positive=True&tset=3012&num=3003 HTTP/1.1" 302 0 "http://104.236.251.87/question/?num=3003" "Mozilla/5.0 (Windows NT 6.3; WOW64; rv:35.0) Gecko/20100101 Firefox/35.0"
93.81.106.140 - - [27/Jan/2015:14:19:22 -0500] "GET /question/?num=3003 HTTP/1.1" 200 1439 "http://104.236.251.87/question/?num=3003" "Mozilla/5.0 (Windows NT 6.3; WOW64; rv:35.0) Gecko/20100101 Firefox/35.0"
93.81.106.140 - - [27/Jan/2015:14:20:19 -0500] "POST /answer/?num=3003 HTTP/1.1" 200 1608 "http://104.236.251.87/question/?num=3003" "Mozilla/5.0 (Windows NT 6.3; WOW64; rv:35.0) Gecko/20100101 Firefox/35.0"
93.81.106.140 - - [27/Jan/2015:14:21:02 -0500] "GET /index?page=1 HTTP/1.1" 200 1489 "http://104.236.251.87/answer/?num=3003" "Mozilla/5.0 (Windows NT 6.3; WOW64; rv:35.0) Gecko/20100101 Firefox/35.0"
93.81.106.140 - - [27/Jan/2015:14:21:08 -0500] "GET / HTTP/1.1" 200 1489 "http://104.236.251.87/index?page=1" "Mozilla/5.0 (Windows NT 6.3; WOW64; rv:35.0) Gecko/20100101 Firefox/35.0"
93.81.106.140 - - [27/Jan/2015:14:21:10 -0500] "GET /?page=1001 HTTP/1.1" 200 1376 "http://104.236.251.87/" "Mozilla/5.0 (Windows NT 6.3; WOW64; rv:35.0) Gecko/20100101 Firefox/35.0"
93.81.106.140 - - [27/Jan/2015:14:21:13 -0500] "GET /?page=1001 HTTP/1.1" 200 1376 "http://104.236.251.87/?page=1001" "Mozilla/5.0 (Windows NT 6.3; WOW64; rv:35.0) Gecko/20100101 Firefox/35.0"
93.81.106.140 - - [27/Jan/2015:14:21:15 -0500] "GET /profile/ HTTP/1.1" 200 1267 "http://104.236.251.87/?page=1001" "Mozilla/5.0 (Windows NT 6.3; WOW64; rv:35.0) Gecko/20100101 Firefox/35.0"
93.81.106.140 - - [27/Jan/2015:14:21:32 -0500] "POST /profile HTTP/1.1" 302 0 "http://104.236.251.87/profile/" "Mozilla/5.0 (Windows NT 6.3; WOW64; rv:35.0) Gecko/20100101 Firefox/35.0"
93.81.106.140 - - [27/Jan/2015:14:21:32 -0500] "GET / HTTP/1.1" 200 1489 "http://104.236.251.87/profile/" "Mozilla/5.0 (Windows NT 6.3; WOW64; rv:35.0) Gecko/20100101 Firefox/35.0"
93.81.106.140 - - [27/Jan/2015:14:21:34 -0500] "GET /?page=1001 HTTP/1.1" 200 1376 "http://104.236.251.87/" "Mozilla/5.0 (Windows NT 6.3; WOW64; rv:35.0) Gecko/20100101 Firefox/35.0"
93.81.106.140 - - [27/Jan/2015:14:21:41 -0500] "GET /?page=1001 HTTP/1.1" 200 1376 "http://104.236.251.87/?page=1001" "Mozilla/5.0 (Windows NT 6.3; WOW64; rv:35.0) Gecko/20100101 Firefox/35.0"
93.81.106.140 - - [27/Jan/2015:14:21:43 -0500] "GET /question/?num=3003 HTTP/1.1" 200 1608 "http://104.236.251.87/?page=1001" "Mozilla/5.0 (Windows NT 6.3; WOW64; rv:35.0) Gecko/20100101 Firefox/35.0"
93.81.106.140 - - [27/Jan/2015:14:21:48 -0500] "GET /profile/ HTTP/1.1" 200 1267 "http://104.236.251.87/question/?num=3003" "Mozilla/5.0 (Windows NT 6.3; WOW64; rv:35.0) Gecko/20100101 Firefox/35.0"
93.81.106.140 - - [27/Jan/2015:14:21:54 -0500] "POST /profile HTTP/1.1" 200 1267 "http://104.236.251.87/profile/" "Mozilla/5.0 (Windows NT 6.3; WOW64; rv:35.0) Gecko/20100101 Firefox/35.0"
93.81.106.140 - - [27/Jan/2015:14:21:58 -0500] "POST /profile HTTP/1.1" 200 1267 "http://104.236.251.87/profile" "Mozilla/5.0 (Windows NT 6.3; WOW64; rv:35.0) Gecko/20100101 Firefox/35.0"
93.81.106.140 - - [27/Jan/2015:14:22:00 -0500] "GET /profile/ HTTP/1.1" 200 1267 "http://104.236.251.87/profile" "Mozilla/5.0 (Windows NT 6.3; WOW64; rv:35.0) Gecko/20100101 Firefox/35.0"
93.81.106.140 - - [27/Jan/2015:14:23:04 -0500] "POST /profile HTTP/1.1" 302 0 "http://104.236.251.87/profile/" "Mozilla/5.0 (Windows NT 6.3; WOW64; rv:35.0) Gecko/20100101 Firefox/35.0"
93.81.106.140 - - [27/Jan/2015:14:23:04 -0500] "GET / HTTP/1.1" 200 1489 "http://104.236.251.87/profile/" "Mozilla/5.0 (Windows NT 6.3; WOW64; rv:35.0) Gecko/20100101 Firefox/35.0"
93.81.106.140 - - [27/Jan/2015:14:23:06 -0500] "GET /?page=1001 HTTP/1.1" 200 1375 "http://104.236.251.87/" "Mozilla/5.0 (Windows NT 6.3; WOW64; rv:35.0) Gecko/20100101 Firefox/35.0"
93.81.106.140 - - [27/Jan/2015:14:23:10 -0500] "GET /question/?num=3003 HTTP/1.1" 200 1607 "http://104.236.251.87/?page=1001" "Mozilla/5.0 (Windows NT 6.3; WOW64; rv:35.0) Gecko/20100101 Firefox/35.0"
93.81.106.140 - - [27/Jan/2015:14:23:14 -0500] "GET /profile/ HTTP/1.1" 200 1266 "http://104.236.251.87/question/?num=3003" "Mozilla/5.0 (Windows NT 6.3; WOW64; rv:35.0) Gecko/20100101 Firefox/35.0"
93.81.106.140 - - [27/Jan/2015:14:23:22 -0500] "POST /profile HTTP/1.1" 302 0 "http://104.236.251.87/profile/" "Mozilla/5.0 (Windows NT 6.3; WOW64; rv:35.0) Gecko/20100101 Firefox/35.0"
93.81.106.140 - - [27/Jan/2015:14:23:23 -0500] "GET / HTTP/1.1" 200 1489 "http://104.236.251.87/profile/" "Mozilla/5.0 (Windows NT 6.3; WOW64; rv:35.0) Gecko/20100101 Firefox/35.0"
93.81.106.140 - - [27/Jan/2015:14:23:25 -0500] "GET /profile/ HTTP/1.1" 200 1266 "http://104.236.251.87/" "Mozilla/5.0 (Windows NT 6.3; WOW64; rv:35.0) Gecko/20100101 Firefox/35.0"
93.81.106.140 - - [27/Jan/2015:14:23:33 -0500] "POST /profile HTTP/1.1" 500 127805 "http://104.236.251.87/profile/" "Mozilla/5.0 (Windows NT 6.3; WOW64; rv:35.0) Gecko/20100101 Firefox/35.0"
93.81.106.140 - - [27/Jan/2015:14:26:15 -0500] "GET /ask/ HTTP/1.1" 200 1194 "http://104.236.251.87/profile/" "Mozilla/5.0 (Windows NT 6.3; WOW64; rv:35.0) Gecko/20100101 Firefox/35.0"
93.81.106.140 - - [27/Jan/2015:14:26:19 -0500] "GET /profile/ HTTP/1.1" 200 1266 "http://104.236.251.87/ask/" "Mozilla/5.0 (Windows NT 6.3; WOW64; rv:35.0) Gecko/20100101 Firefox/35.0"
93.81.106.140 - - [27/Jan/2015:14:28:49 -0500] "POST /profile HTTP/1.1" 302 0 "http://104.236.251.87/profile/" "Mozilla/5.0 (Windows NT 6.3; WOW64; rv:35.0) Gecko/20100101 Firefox/35.0"
93.81.106.140 - - [27/Jan/2015:14:28:49 -0500] "GET / HTTP/1.1" 200 1489 "http://104.236.251.87/profile/" "Mozilla/5.0 (Windows NT 6.3; WOW64; rv:35.0) Gecko/20100101 Firefox/35.0"
93.81.106.140 - - [27/Jan/2015:14:29:14 -0500] "GET / HTTP/1.1" 200 1489 "http://104.236.251.87/" "Mozilla/5.0 (Windows NT 6.3; WOW64; rv:35.0) Gecko/20100101 Firefox/35.0"
93.81.106.140 - - [27/Jan/2015:14:29:20 -0500] "GET /?page=1001 HTTP/1.1" 200 1376 "http://104.236.251.87/" "Mozilla/5.0 (Windows NT 6.3; WOW64; rv:35.0) Gecko/20100101 Firefox/35.0"
93.81.106.140 - - [27/Jan/2015:14:29:23 -0500] "GET /question/?num=3003 HTTP/1.1" 200 1608 "http://104.236.251.87/?page=1001" "Mozilla/5.0 (Windows NT 6.3; WOW64; rv:35.0) Gecko/20100101 Firefox/35.0"
93.81.106.140 - - [27/Jan/2015:14:29:27 -0500] "GET /ask/ HTTP/1.1" 200 1195 "http://104.236.251.87/question/?num=3003" "Mozilla/5.0 (Windows NT 6.3; WOW64; rv:35.0) Gecko/20100101 Firefox/35.0"
93.81.106.140 - - [27/Jan/2015:14:29:32 -0500] "GET / HTTP/1.1" 200 1489 "http://104.236.251.87/ask/" "Mozilla/5.0 (Windows NT 6.3; WOW64; rv:35.0) Gecko/20100101 Firefox/35.0"
93.81.106.140 - - [27/Jan/2015:14:33:26 -0500] "GET /?page=1001 HTTP/1.1" 200 1390 "http://104.236.251.87/" "Mozilla/5.0 (Windows NT 6.3; WOW64; rv:35.0) Gecko/20100101 Firefox/35.0"
93.81.106.140 - - [27/Jan/2015:14:33:28 -0500] "GET /logout HTTP/1.1" 302 0 "http://104.236.251.87/?page=1001" "Mozilla/5.0 (Windows NT 6.3; WOW64; rv:35.0) Gecko/20100101 Firefox/35.0"
93.81.106.140 - - [27/Jan/2015:14:33:28 -0500] "GET / HTTP/1.1" 200 1398 "http://104.236.251.87/?page=1001" "Mozilla/5.0 (Windows NT 6.3; WOW64; rv:35.0) Gecko/20100101 Firefox/35.0"
93.81.106.140 - - [27/Jan/2015:14:33:30 -0500] "GET /?page=1001 HTTP/1.1" 200 1290 "http://104.236.251.87/" "Mozilla/5.0 (Windows NT 6.3; WOW64; rv:35.0) Gecko/20100101 Firefox/35.0"
93.81.106.140 - - [27/Jan/2015:14:33:33 -0500] "GET /login/ HTTP/1.1" 200 1050 "http://104.236.251.87/?page=1001" "Mozilla/5.0 (Windows NT 6.3; WOW64; rv:35.0) Gecko/20100101 Firefox/35.0"
213.141.158.86 - - [27/Jan/2015:14:33:39 -0500] "GET /logout HTTP/1.1" 302 0 "http://104.236.251.87/answer/?num=3002" "Mozilla/5.0 (X11; Ubuntu; Linux x86_64; rv:35.0) Gecko/20100101 Firefox/35.0"
213.141.158.86 - - [27/Jan/2015:14:33:39 -0500] "GET / HTTP/1.1" 200 1398 "http://104.236.251.87/answer/?num=3002" "Mozilla/5.0 (X11; Ubuntu; Linux x86_64; rv:35.0) Gecko/20100101 Firefox/35.0"
213.141.158.86 - - [27/Jan/2015:14:33:41 -0500] "GET /question/?num=1 HTTP/1.1" 200 1565 "http://104.236.251.87/" "Mozilla/5.0 (X11; Ubuntu; Linux x86_64; rv:35.0) Gecko/20100101 Firefox/35.0"
93.81.106.140 - - [27/Jan/2015:14:33:44 -0500] "POST /log_in/?next= HTTP/1.1" 302 0 "http://104.236.251.87/login/" "Mozilla/5.0 (Windows NT 6.3; WOW64; rv:35.0) Gecko/20100101 Firefox/35.0"
93.81.106.140 - - [27/Jan/2015:14:33:45 -0500] "GET / HTTP/1.1" 200 1503 "http://104.236.251.87/login/" "Mozilla/5.0 (Windows NT 6.3; WOW64; rv:35.0) Gecko/20100101 Firefox/35.0"
93.81.106.140 - - [27/Jan/2015:14:36:21 -0500] "GET / HTTP/1.1" 200 1503 "http://104.236.251.87/login/" "Mozilla/5.0 (Windows NT 6.3; WOW64; rv:35.0) Gecko/20100101 Firefox/35.0"
93.81.106.140 - - [27/Jan/2015:14:36:31 -0500] "GET / HTTP/1.1" 200 1503 "http://104.236.251.87/login/" "Mozilla/5.0 (Windows NT 6.3; WOW64; rv:35.0) Gecko/20100101 Firefox/35.0"
93.81.106.140 - - [27/Jan/2015:14:36:44 -0500] "GET /logout HTTP/1.1" 302 0 "http://104.236.251.87/" "Mozilla/5.0 (Windows NT 6.3; WOW64; rv:35.0) Gecko/20100101 Firefox/35.0"
93.81.106.140 - - [27/Jan/2015:14:36:44 -0500] "GET / HTTP/1.1" 200 1398 "http://104.236.251.87/" "Mozilla/5.0 (Windows NT 6.3; WOW64; rv:35.0) Gecko/20100101 Firefox/35.0"
93.81.106.140 - - [27/Jan/2015:14:36:49 -0500] "GET /register/ HTTP/1.1" 200 1153 "http://104.236.251.87/" "Mozilla/5.0 (Windows NT 6.3; WOW64; rv:35.0) Gecko/20100101 Firefox/35.0"
93.81.106.140 - - [27/Jan/2015:14:36:52 -0500] "POST /reg_user/ HTTP/1.1" 200 1184 "http://104.236.251.87/register/" "Mozilla/5.0 (Windows NT 6.3; WOW64; rv:35.0) Gecko/20100101 Firefox/35.0"
93.81.106.140 - - [27/Jan/2015:14:37:31 -0500] "GET /ask/ HTTP/1.1" 302 0 "-" "Mozilla/5.0 (Windows NT 6.3; WOW64; rv:35.0) Gecko/20100101 Firefox/35.0"
93.81.106.140 - - [27/Jan/2015:14:37:31 -0500] "GET /login/?next=/ask/ HTTP/1.1" 200 1068 "-" "Mozilla/5.0 (Windows NT 6.3; WOW64; rv:35.0) Gecko/20100101 Firefox/35.0"
93.81.106.140 - - [27/Jan/2015:14:39:30 -0500] "GET /ask/ HTTP/1.1" 302 0 "http://104.236.251.87/login/?next=/ask/" "Mozilla/5.0 (Windows NT 6.3; WOW64; rv:35.0) Gecko/20100101 Firefox/35.0"
93.81.106.140 - - [27/Jan/2015:14:39:31 -0500] "GET /login/?next=/ask/ HTTP/1.1" 200 1068 "http://104.236.251.87/login/?next=/ask/" "Mozilla/5.0 (Windows NT 6.3; WOW64; rv:35.0) Gecko/20100101 Firefox/35.0"
93.81.106.140 - - [27/Jan/2015:14:39:32 -0500] "GET / HTTP/1.1" 200 1398 "http://104.236.251.87/login/?next=/ask/" "Mozilla/5.0 (Windows NT 6.3; WOW64; rv:35.0) Gecko/20100101 Firefox/35.0"
93.81.106.140 - - [27/Jan/2015:14:39:37 -0500] "GET / HTTP/1.1" 200 1398 "http://104.236.251.87/login/?next=/ask/" "Mozilla/5.0 (Windows NT 6.3; WOW64; rv:35.0) Gecko/20100101 Firefox/35.0"
213.141.158.86 - - [27/Jan/2015:14:40:53 -0500] "GET /question/?num=1 HTTP/1.1" 200 1565 "http://104.236.251.87/" "Mozilla/5.0 (X11; Ubuntu; Linux x86_64; rv:35.0) Gecko/20100101 Firefox/35.0"
213.141.158.86 - - [27/Jan/2015:14:40:55 -0500] "GET /login/ HTTP/1.1" 200 1051 "http://104.236.251.87/question/?num=1" "Mozilla/5.0 (X11; Ubuntu; Linux x86_64; rv:35.0) Gecko/20100101 Firefox/35.0"
213.141.158.86 - - [27/Jan/2015:14:41:04 -0500] "POST /log_in/?next= HTTP/1.1" 302 0 "http://104.236.251.87/login/" "Mozilla/5.0 (X11; Ubuntu; Linux x86_64; rv:35.0) Gecko/20100101 Firefox/35.0"
213.141.158.86 - - [27/Jan/2015:14:41:04 -0500] "GET / HTTP/1.1" 200 1500 "http://104.236.251.87/login/" "Mozilla/5.0 (X11; Ubuntu; Linux x86_64; rv:35.0) Gecko/20100101 Firefox/35.0"
213.141.158.86 - - [27/Jan/2015:14:41:59 -0500] "GET / HTTP/1.1" 200 1500 "http://104.236.251.87/login/" "Mozilla/5.0 (X11; Ubuntu; Linux x86_64; rv:35.0) Gecko/20100101 Firefox/35.0"
213.141.158.86 - - [27/Jan/2015:14:42:03 -0500] "GET / HTTP/1.1" 200 1500 "http://104.236.251.87/login/" "Mozilla/5.0 (X11; Ubuntu; Linux x86_64; rv:35.0) Gecko/20100101 Firefox/35.0"
93.81.106.140 - - [27/Jan/2015:14:43:17 -0500] "GET / HTTP/1.1" 200 1398 "-" "Mozilla/5.0 (Windows NT 6.3; WOW64; rv:35.0) Gecko/20100101 Firefox/35.0"
93.81.106.140 - - [27/Jan/2015:14:43:18 -0500] "GET / HTTP/1.1" 200 1398 "http://104.236.251.87/" "Mozilla/5.0 (Windows NT 6.3; WOW64; rv:35.0) Gecko/20100101 Firefox/35.0"
93.81.106.140 - - [27/Jan/2015:14:43:21 -0500] "GET / HTTP/1.1" 200 1398 "http://104.236.251.87/" "Mozilla/5.0 (Windows NT 6.3; WOW64; rv:35.0) Gecko/20100101 Firefox/35.0"
93.81.106.140 - - [27/Jan/2015:14:43:31 -0500] "GET /question/?num=1 HTTP/1.1" 200 1563 "http://104.236.251.87/" "Mozilla/5.0 (Windows NT 6.3; WOW64; rv:35.0) Gecko/20100101 Firefox/35.0"
93.81.106.140 - - [27/Jan/2015:14:43:40 -0500] "GET /question/?num=1 HTTP/1.1" 200 1563 "http://104.236.251.87/" "Mozilla/5.0 (Windows NT 6.3; WOW64; rv:35.0) Gecko/20100101 Firefox/35.0"
93.81.106.140 - - [27/Jan/2015:14:43:54 -0500] "GET /login/ HTTP/1.1" 200 1050 "http://104.236.251.87/question/?num=1" "Mozilla/5.0 (Windows NT 6.3; WOW64; rv:35.0) Gecko/20100101 Firefox/35.0"
93.81.106.140 - - [27/Jan/2015:14:44:08 -0500] "GET /ask/ HTTP/1.1" 302 0 "http://104.236.251.87/question/?num=1" "Mozilla/5.0 (Windows NT 6.3; WOW64; rv:35.0) Gecko/20100101 Firefox/35.0"
93.81.106.140 - - [27/Jan/2015:14:44:09 -0500] "GET /login/?next=/ask/ HTTP/1.1" 200 1068 "http://104.236.251.87/question/?num=1" "Mozilla/5.0 (Windows NT 6.3; WOW64; rv:35.0) Gecko/20100101 Firefox/35.0"
213.141.158.86 - - [27/Jan/2015:14:44:48 -0500] "GET /question/?num=2 HTTP/1.1" 200 1712 "http://104.236.251.87/" "Mozilla/5.0 (X11; Ubuntu; Linux x86_64; rv:35.0) Gecko/20100101 Firefox/35.0"
93.81.106.140 - - [27/Jan/2015:14:44:50 -0500] "GET / HTTP/1.1" 200 1398 "-" "Mozilla/5.0 (Windows NT 6.3; WOW64; rv:35.0) Gecko/20100101 Firefox/35.0"
93.81.106.140 - - [27/Jan/2015:14:46:31 -0500] "GET /ask/ HTTP/1.1" 302 0 "-" "Mozilla/5.0 (Windows NT 6.3; WOW64; rv:35.0) Gecko/20100101 Firefox/35.0"
93.81.106.140 - - [27/Jan/2015:14:46:31 -0500] "GET /login/?next=/ask/ HTTP/1.1" 200 1068 "-" "Mozilla/5.0 (Windows NT 6.3; WOW64; rv:35.0) Gecko/20100101 Firefox/35.0"
213.141.158.86 - - [27/Jan/2015:14:46:32 -0500] "GET /question/?num=2 HTTP/1.1" 200 1715 "http://104.236.251.87/" "Mozilla/5.0 (X11; Ubuntu; Linux x86_64; rv:35.0) Gecko/20100101 Firefox/35.0"
93.81.106.140 - - [27/Jan/2015:14:46:41 -0500] "POST /log_in/?next=/ask/ HTTP/1.1" 302 0 "http://104.236.251.87/login/?next=/ask/" "Mozilla/5.0 (Windows NT 6.3; WOW64; rv:35.0) Gecko/20100101 Firefox/35.0"
93.81.106.140 - - [27/Jan/2015:14:46:41 -0500] "GET /ask/ HTTP/1.1" 200 1213 "http://104.236.251.87/login/?next=/ask/" "Mozilla/5.0 (Windows NT 6.3; WOW64; rv:35.0) Gecko/20100101 Firefox/35.0"
93.81.106.140 - - [27/Jan/2015:14:46:47 -0500] "GET /ask/ HTTP/1.1" 200 1213 "http://104.236.251.87/login/?next=/ask/" "Mozilla/5.0 (Windows NT 6.3; WOW64; rv:35.0) Gecko/20100101 Firefox/35.0"
213.141.158.86 - - [27/Jan/2015:14:47:06 -0500] "GET /question/?num=2 HTTP/1.1" 200 1714 "http://104.236.251.87/" "Mozilla/5.0 (X11; Ubuntu; Linux x86_64; rv:35.0) Gecko/20100101 Firefox/35.0"
93.81.106.140 - - [27/Jan/2015:14:49:35 -0500] "GET / HTTP/1.1" 200 1505 "-" "Mozilla/5.0 (Windows NT 6.3; WOW64; rv:35.0) Gecko/20100101 Firefox/35.0"
93.81.106.140 - - [27/Jan/2015:14:49:37 -0500] "GET / HTTP/1.1" 200 1505 "-" "Mozilla/5.0 (Windows NT 6.3; WOW64; rv:35.0) Gecko/20100101 Firefox/35.0"
93.81.106.140 - - [27/Jan/2015:14:50:13 -0500] "GET / HTTP/1.1" 200 1506 "-" "Mozilla/5.0 (Windows NT 6.3; WOW64; rv:35.0) Gecko/20100101 Firefox/35.0"
213.141.158.86 - - [27/Jan/2015:14:51:19 -0500] "GET /question/?num=2 HTTP/1.1" 200 1715 "http://104.236.251.87/" "Mozilla/5.0 (X11; Ubuntu; Linux x86_64; rv:35.0) Gecko/20100101 Firefox/35.0"
93.81.106.140 - - [27/Jan/2015:14:51:41 -0500] "GET /ask/ HTTP/1.1" 200 1213 "http://104.236.251.87/" "Mozilla/5.0 (Windows NT 6.3; WOW64; rv:35.0) Gecko/20100101 Firefox/35.0"
93.81.106.140 - - [27/Jan/2015:14:51:46 -0500] "GET / HTTP/1.1" 200 1506 "http://104.236.251.87/ask/" "Mozilla/5.0 (Windows NT 6.3; WOW64; rv:35.0) Gecko/20100101 Firefox/35.0"
213.141.158.86 - - [27/Jan/2015:14:58:51 -0500] "GET /question/?num=2 HTTP/1.1" 200 1673 "http://104.236.251.87/" "Mozilla/5.0 (X11; Ubuntu; Linux x86_64; rv:35.0) Gecko/20100101 Firefox/35.0"
213.141.158.86 - - [27/Jan/2015:14:59:44 -0500] "GET / HTTP/1.1" 200 1504 "http://104.236.251.87/question/?num=2" "Mozilla/5.0 (X11; Ubuntu; Linux x86_64; rv:35.0) Gecko/20100101 Firefox/35.0"
93.81.106.140 - - [27/Jan/2015:15:00:08 -0500] "GET /ask/ HTTP/1.1" 200 1213 "-" "Mozilla/5.0 (Windows NT 6.3; WOW64; rv:35.0) Gecko/20100101 Firefox/35.0"
93.81.106.140 - - [27/Jan/2015:15:00:10 -0500] "GET / HTTP/1.1" 200 1506 "http://104.236.251.87/ask/" "Mozilla/5.0 (Windows NT 6.3; WOW64; rv:35.0) Gecko/20100101 Firefox/35.0"
93.81.106.140 - - [27/Jan/2015:15:00:12 -0500] "GET / HTTP/1.1" 200 1506 "http://104.236.251.87/ask/" "Mozilla/5.0 (Windows NT 6.3; WOW64; rv:35.0) Gecko/20100101 Firefox/35.0"
93.81.106.140 - - [27/Jan/2015:15:00:18 -0500] "GET /question/?num=3 HTTP/1.1" 200 1538 "http://104.236.251.87/" "Mozilla/5.0 (Windows NT 6.3; WOW64; rv:35.0) Gecko/20100101 Firefox/35.0"
93.81.106.140 - - [27/Jan/2015:15:00:25 -0500] "GET /question/?num=2 HTTP/1.1" 200 1677 "http://104.236.251.87/" "Mozilla/5.0 (Windows NT 6.3; WOW64; rv:35.0) Gecko/20100101 Firefox/35.0"
213.141.158.86 - - [27/Jan/2015:15:00:27 -0500] "GET /question/?num=1 HTTP/1.1" 200 1663 "http://104.236.251.87/" "Mozilla/5.0 (X11; Ubuntu; Linux x86_64; rv:35.0) Gecko/20100101 Firefox/35.0"
93.81.106.140 - - [27/Jan/2015:15:00:39 -0500] "GET / HTTP/1.1" 200 1506 "http://104.236.251.87/question/?num=2" "Mozilla/5.0 (Windows NT 6.3; WOW64; rv:35.0) Gecko/20100101 Firefox/35.0"
93.81.106.140 - - [27/Jan/2015:15:00:45 -0500] "GET / HTTP/1.1" 200 1506 "http://104.236.251.87/question/?num=2" "Mozilla/5.0 (Windows NT 6.3; WOW64; rv:35.0) Gecko/20100101 Firefox/35.0"
213.141.158.86 - - [27/Jan/2015:15:04:03 -0500] "GET /question/?num=1 HTTP/1.1" 200 1592 "http://104.236.251.87/" "Mozilla/5.0 (X11; Ubuntu; Linux x86_64; rv:35.0) Gecko/20100101 Firefox/35.0"
213.141.158.86 - - [27/Jan/2015:15:04:25 -0500] "GET / HTTP/1.1" 200 1504 "http://104.236.251.87/question/?num=1" "Mozilla/5.0 (X11; Ubuntu; Linux x86_64; rv:35.0) Gecko/20100101 Firefox/35.0"
93.81.106.140 - - [27/Jan/2015:15:04:46 -0500] "GET / HTTP/1.1" 200 1506 "http://104.236.251.87/question/?num=2" "Mozilla/5.0 (Windows NT 6.3; WOW64; rv:35.0) Gecko/20100101 Firefox/35.0"
93.81.106.140 - - [27/Jan/2015:15:04:58 -0500] "GET /question/?num=1 HTTP/1.1" 200 1597 "http://104.236.251.87/" "Mozilla/5.0 (Windows NT 6.3; WOW64; rv:35.0) Gecko/20100101 Firefox/35.0"
93.81.106.140 - - [27/Jan/2015:15:05:09 -0500] "GET /ask/ HTTP/1.1" 200 1213 "http://104.236.251.87/question/?num=1" "Mozilla/5.0 (Windows NT 6.3; WOW64; rv:35.0) Gecko/20100101 Firefox/35.0"
93.81.106.140 - - [27/Jan/2015:15:05:11 -0500] "GET / HTTP/1.1" 200 1506 "http://104.236.251.87/ask/" "Mozilla/5.0 (Windows NT 6.3; WOW64; rv:35.0) Gecko/20100101 Firefox/35.0"
213.141.158.86 - - [27/Jan/2015:15:07:01 -0500] "GET / HTTP/1.1" 200 1459 "http://104.236.251.87/question/?num=1" "Mozilla/5.0 (X11; Ubuntu; Linux x86_64; rv:35.0) Gecko/20100101 Firefox/35.0"
213.141.158.86 - - [27/Jan/2015:15:07:09 -0500] "GET /question/?num=1 HTTP/1.1" 200 1592 "http://104.236.251.87/" "Mozilla/5.0 (X11; Ubuntu; Linux x86_64; rv:35.0) Gecko/20100101 Firefox/35.0"
213.141.158.86 - - [27/Jan/2015:15:08:20 -0500] "POST /answer/?num=1 HTTP/1.1" 200 1676 "http://104.236.251.87/question/?num=1" "Mozilla/5.0 (X11; Ubuntu; Linux x86_64; rv:35.0) Gecko/20100101 Firefox/35.0"
213.141.158.86 - - [27/Jan/2015:15:09:07 -0500] "GET /likeIt/?positive=True&tset=3011&num=1 HTTP/1.1" 302 0 "http://104.236.251.87/answer/?num=1" "Mozilla/5.0 (X11; Ubuntu; Linux x86_64; rv:35.0) Gecko/20100101 Firefox/35.0"
213.141.158.86 - - [27/Jan/2015:15:09:07 -0500] "GET /question/?num=1 HTTP/1.1" 200 1675 "http://104.236.251.87/answer/?num=1" "Mozilla/5.0 (X11; Ubuntu; Linux x86_64; rv:35.0) Gecko/20100101 Firefox/35.0"
213.141.158.86 - - [27/Jan/2015:15:12:47 -0500] "GET /question/?num=1 HTTP/1.1" 400 37 "http://104.236.251.87/answer/?num=1" "Mozilla/5.0 (X11; Ubuntu; Linux x86_64; rv:35.0) Gecko/20100101 Firefox/35.0"
213.141.158.86 - - [27/Jan/2015:15:12:51 -0500] "GET / HTTP/1.1" 400 37 "-" "Mozilla/5.0 (X11; Ubuntu; Linux x86_64; rv:35.0) Gecko/20100101 Firefox/35.0"
93.81.106.140 - - [27/Jan/2015:15:13:09 -0500] "GET / HTTP/1.1" 400 37 "-" "Mozilla/5.0 (Windows NT 6.3; WOW64; rv:35.0) Gecko/20100101 Firefox/35.0"
213.141.158.86 - - [27/Jan/2015:15:15:01 -0500] "GET / HTTP/1.1" 500 612 "-" "Mozilla/5.0 (X11; Ubuntu; Linux x86_64; rv:35.0) Gecko/20100101 Firefox/35.0"
213.141.158.86 - - [27/Jan/2015:15:15:08 -0500] "GET /index HTTP/1.1" 500 612 "-" "Mozilla/5.0 (X11; Ubuntu; Linux x86_64; rv:35.0) Gecko/20100101 Firefox/35.0"
213.141.158.86 - - [27/Jan/2015:15:15:20 -0500] "GET /index HTTP/1.1" 500 612 "-" "Mozilla/5.0 (X11; Ubuntu; Linux x86_64; rv:35.0) Gecko/20100101 Firefox/35.0"
93.81.106.140 - - [27/Jan/2015:15:15:55 -0500] "GET / HTTP/1.1" 200 1461 "-" "Mozilla/5.0 (Windows NT 6.3; WOW64; rv:35.0) Gecko/20100101 Firefox/35.0"
213.141.158.86 - - [27/Jan/2015:15:15:56 -0500] "GET /index HTTP/1.1" 200 1459 "-" "Mozilla/5.0 (X11; Ubuntu; Linux x86_64; rv:35.0) Gecko/20100101 Firefox/35.0"
93.81.106.140 - - [27/Jan/2015:15:16:01 -0500] "GET /ask/ HTTP/1.1" 200 1213 "http://104.236.251.87/" "Mozilla/5.0 (Windows NT 6.3; WOW64; rv:35.0) Gecko/20100101 Firefox/35.0"
213.141.158.86 - - [27/Jan/2015:15:16:02 -0500] "GET /profile/ HTTP/1.1" 200 1281 "http://104.236.251.87/index" "Mozilla/5.0 (X11; Ubuntu; Linux x86_64; rv:35.0) Gecko/20100101 Firefox/35.0"
93.81.106.140 - - [27/Jan/2015:15:16:03 -0500] "GET / HTTP/1.1" 200 1461 "http://104.236.251.87/ask/" "Mozilla/5.0 (Windows NT 6.3; WOW64; rv:35.0) Gecko/20100101 Firefox/35.0"
213.141.158.86 - - [27/Jan/2015:15:16:10 -0500] "POST /profile HTTP/1.1" 302 0 "http://104.236.251.87/profile/" "Mozilla/5.0 (X11; Ubuntu; Linux x86_64; rv:35.0) Gecko/20100101 Firefox/35.0"
213.141.158.86 - - [27/Jan/2015:15:16:10 -0500] "GET / HTTP/1.1" 200 1460 "http://104.236.251.87/profile/" "Mozilla/5.0 (X11; Ubuntu; Linux x86_64; rv:35.0) Gecko/20100101 Firefox/35.0"
213.141.158.86 - - [27/Jan/2015:15:16:37 -0500] "GET /question/?num=1 HTTP/1.1" 200 1675 "http://104.236.251.87/" "Mozilla/5.0 (X11; Ubuntu; Linux x86_64; rv:35.0) Gecko/20100101 Firefox/35.0"
213.141.158.86 - - [27/Jan/2015:15:16:38 -0500] "GET /ask/ HTTP/1.1" 200 1208 "http://104.236.251.87/question/?num=1" "Mozilla/5.0 (X11; Ubuntu; Linux x86_64; rv:35.0) Gecko/20100101 Firefox/35.0"
213.141.158.86 - - [27/Jan/2015:15:16:39 -0500] "GET /ask/ HTTP/1.1" 200 1208 "http://104.236.251.87/ask/" "Mozilla/5.0 (X11; Ubuntu; Linux x86_64; rv:35.0) Gecko/20100101 Firefox/35.0"
213.141.158.86 - - [27/Jan/2015:15:17:02 -0500] "GET / HTTP/1.1" 200 1460 "http://104.236.251.87/ask/" "Mozilla/5.0 (X11; Ubuntu; Linux x86_64; rv:35.0) Gecko/20100101 Firefox/35.0"
93.81.106.140 - - [27/Jan/2015:15:17:34 -0500] "GET / HTTP/1.1" 200 1462 "-" "Mozilla/5.0 (Windows NT 6.3; WOW64; rv:35.0) Gecko/20100101 Firefox/35.0"
93.81.106.140 - - [27/Jan/2015:15:17:37 -0500] "GET /logout HTTP/1.1" 302 0 "http://104.236.251.87/" "Mozilla/5.0 (Windows NT 6.3; WOW64; rv:35.0) Gecko/20100101 Firefox/35.0"
93.81.106.140 - - [27/Jan/2015:15:17:37 -0500] "GET / HTTP/1.1" 200 1354 "http://104.236.251.87/" "Mozilla/5.0 (Windows NT 6.3; WOW64; rv:35.0) Gecko/20100101 Firefox/35.0"
93.81.106.140 - - [27/Jan/2015:15:17:42 -0500] "GET /question/?num=1 HTTP/1.1" 200 1533 "http://104.236.251.87/" "Mozilla/5.0 (Windows NT 6.3; WOW64; rv:35.0) Gecko/20100101 Firefox/35.0"
213.141.158.86 - - [27/Jan/2015:15:18:32 -0500] "GET / HTTP/1.1" 200 1460 "-" "Mozilla/5.0 (X11; Ubuntu; Linux x86_64; rv:35.0) Gecko/20100101 Firefox/35.0"
213.193.2.145 - - [27/Jan/2015:15:28:29 -0500] "GET / HTTP/1.1" 200 1354 "-" "Mozilla/5.0 (X11; Linux x86_64) AppleWebKit/537.36 (KHTML, like Gecko) Ubuntu Chromium/39.0.2171.65 Chrome/39.0.2171.65 Safari/537.36"
213.193.2.145 - - [27/Jan/2015:15:28:39 -0500] "GET /register/ HTTP/1.1" 200 1153 "http://104.236.251.87/" "Mozilla/5.0 (X11; Linux x86_64) AppleWebKit/537.36 (KHTML, like Gecko) Ubuntu Chromium/39.0.2171.65 Chrome/39.0.2171.65 Safari/537.36"
213.193.2.145 - - [27/Jan/2015:15:28:41 -0500] "POST /reg_user/ HTTP/1.1" 200 1184 "http://104.236.251.87/register/" "Mozilla/5.0 (X11; Linux x86_64) AppleWebKit/537.36 (KHTML, like Gecko) Ubuntu Chromium/39.0.2171.65 Chrome/39.0.2171.65 Safari/537.36"
213.193.2.145 - - [27/Jan/2015:15:28:48 -0500] "POST /reg_user/ HTTP/1.1" 200 1184 "http://104.236.251.87/reg_user/" "Mozilla/5.0 (X11; Linux x86_64) AppleWebKit/537.36 (KHTML, like Gecko) Ubuntu Chromium/39.0.2171.65 Chrome/39.0.2171.65 Safari/537.36"
213.193.2.145 - - [27/Jan/2015:15:28:58 -0500] "POST /reg_user/ HTTP/1.1" 200 1177 "http://104.236.251.87/reg_user/" "Mozilla/5.0 (X11; Linux x86_64) AppleWebKit/537.36 (KHTML, like Gecko) Ubuntu Chromium/39.0.2171.65 Chrome/39.0.2171.65 Safari/537.36"
213.193.2.145 - - [27/Jan/2015:15:29:17 -0500] "POST /reg_user/ HTTP/1.1" 302 0 "http://104.236.251.87/reg_user/" "Mozilla/5.0 (X11; Linux x86_64) AppleWebKit/537.36 (KHTML, like Gecko) Ubuntu Chromium/39.0.2171.65 Chrome/39.0.2171.65 Safari/537.36"
213.193.2.145 - - [27/Jan/2015:15:29:17 -0500] "GET / HTTP/1.1" 200 1460 "http://104.236.251.87/reg_user/" "Mozilla/5.0 (X11; Linux x86_64) AppleWebKit/537.36 (KHTML, like Gecko) Ubuntu Chromium/39.0.2171.65 Chrome/39.0.2171.65 Safari/537.36"
213.193.2.145 - - [27/Jan/2015:15:29:23 -0500] "GET /profile/ HTTP/1.1" 200 1279 "http://104.236.251.87/" "Mozilla/5.0 (X11; Linux x86_64) AppleWebKit/537.36 (KHTML, like Gecko) Ubuntu Chromium/39.0.2171.65 Chrome/39.0.2171.65 Safari/537.36"
213.193.2.145 - - [27/Jan/2015:15:29:32 -0500] "POST /profile HTTP/1.1" 200 1279 "http://104.236.251.87/profile/" "Mozilla/5.0 (X11; Linux x86_64) AppleWebKit/537.36 (KHTML, like Gecko) Ubuntu Chromium/39.0.2171.65 Chrome/39.0.2171.65 Safari/537.36"
213.193.2.145 - - [27/Jan/2015:15:29:38 -0500] "POST /profile HTTP/1.1" 200 1279 "http://104.236.251.87/profile" "Mozilla/5.0 (X11; Linux x86_64) AppleWebKit/537.36 (KHTML, like Gecko) Ubuntu Chromium/39.0.2171.65 Chrome/39.0.2171.65 Safari/537.36"
213.193.2.145 - - [27/Jan/2015:15:29:40 -0500] "GET /ask/ HTTP/1.1" 200 1207 "http://104.236.251.87/profile" "Mozilla/5.0 (X11; Linux x86_64) AppleWebKit/537.36 (KHTML, like Gecko) Ubuntu Chromium/39.0.2171.65 Chrome/39.0.2171.65 Safari/537.36"
213.193.2.145 - - [27/Jan/2015:15:29:42 -0500] "GET /ask/ HTTP/1.1" 200 1207 "http://104.236.251.87/ask/" "Mozilla/5.0 (X11; Linux x86_64) AppleWebKit/537.36 (KHTML, like Gecko) Ubuntu Chromium/39.0.2171.65 Chrome/39.0.2171.65 Safari/537.36"
213.193.2.145 - - [27/Jan/2015:15:29:43 -0500] "GET /ask/ HTTP/1.1" 200 1207 "http://104.236.251.87/ask/" "Mozilla/5.0 (X11; Linux x86_64) AppleWebKit/537.36 (KHTML, like Gecko) Ubuntu Chromium/39.0.2171.65 Chrome/39.0.2171.65 Safari/537.36"
